// Jest Snapshot v1, https://goo.gl/fbAQLP

exports[`Method renders - execution 1`] = `
<div
  class="d-grid gap-2"
  data-testid="response-request-data"
>
  <div
    class="fw-bolder small"
  >
    Request JSON
  </div>
  <div
    class="d-grid"
  >
    <div
      class="bg-body text-dark rounded-1 m-0 py-1 px-2 text-break rounded-bottom-0"
      data-testid="react-block"
    >
      <span
        class="small"
      >
        Metadata
      </span>
    </div>
    <pre
      class="bg-body text-dark rounded-1 m-0 py-1 px-2 text-break rounded-top-0"
      data-testid="json-block"
      style="display: block; overflow-x: auto; padding: 0.5em; color: rgb(0, 0, 0); background: rgb(248, 248, 255);"
    >
      <code
        class="language-json"
        style="white-space: pre-wrap;"
      >
        <span>
          <span>
            {}
          </span>
        </span>
      </code>
    </pre>
  </div>
  <div
    class="d-grid"
  >
    <div
      class="bg-body text-dark rounded-1 m-0 py-1 px-2 text-break rounded-bottom-0"
      data-testid="react-block"
    >
      <span
        class="small"
      >
        Request data
      </span>
    </div>
    <pre
      class="bg-body text-dark rounded-1 m-0 py-1 px-2 text-break "
      data-testid="json-block"
      style="display: block; overflow-x: auto; padding: 0.5em; color: rgb(0, 0, 0); background: rgb(248, 248, 255);"
    >
      <code
        class="language-json"
        style="white-space: pre-wrap;"
      >
        <span>
          <span>
            {}
          </span>
        </span>
      </code>
    </pre>
  </div>
</div>
`;
